13:28:46.217 [ INFO] maestro.cli.runner.MaestroCommandRunner.runCommands$lambda$0: Define variables RUNNING
13:28:46.226 [ INFO] maestro.cli.runner.MaestroCommandRunner.runCommands$lambda$11: Define variables metadata CommandMetadata(numberOfRuns=null, evaluatedCommand=MaestroCommand(defineVariablesCommand=DefineVariablesCommand(env={MAESTRO_FILENAME=dark, MAESTRO_DEVICE_UDID=emulator-5554, MAESTRO_SHARD_ID=1, MAESTRO_SHARD_INDEX=0}, label=null, optional=false)), logMessages=[], insight=Insight(message=, level=NONE), aiReasoning=null, labeledCommand=null)
13:28:46.227 [ INFO] maestro.cli.runner.MaestroCommandRunner.runCommands$lambda$2: Define variables COMPLETED
13:28:46.228 [ INFO] maestro.cli.runner.MaestroCommandRunner.runCommands$lambda$0: Apply configuration RUNNING
13:28:46.232 [ INFO] maestro.cli.runner.MaestroCommandRunner.runCommands$lambda$11: Apply configuration metadata CommandMetadata(numberOfRuns=null, evaluatedCommand=MaestroCommand(applyConfigurationCommand=ApplyConfigurationCommand(config=MaestroConfig(appId=com.tuitionbook.app, name=null, tags=[], ext={}, onFlowStart=null, onFlowComplete=null, properties={}), label=null, optional=false)), logMessages=[], insight=Insight(message=, level=NONE), aiReasoning=null, labeledCommand=null)
13:28:46.232 [ INFO] maestro.cli.runner.MaestroCommandRunner.runCommands$lambda$2: Apply configuration COMPLETED
13:28:46.233 [ INFO] maestro.cli.runner.MaestroCommandRunner.runCommands$lambda$0: Launch app "com.tuitionbook.app" RUNNING
13:28:46.238 [ INFO] maestro.cli.runner.MaestroCommandRunner.runCommands$lambda$11: Launch app "com.tuitionbook.app" metadata CommandMetadata(numberOfRuns=null, evaluatedCommand=MaestroCommand(launchAppCommand=LaunchAppCommand(appId=com.tuitionbook.app, clearState=null, clearKeychain=null, stopApp=null, permissions=null, launchArguments=null, label=null, optional=false)), logMessages=[], insight=Insight(message=, level=NONE), aiReasoning=null, labeledCommand=null)
13:28:46.558 [ INFO] maestro.Maestro.launchApp$lambda$5: Launching app com.tuitionbook.app
13:28:46.559 [ INFO] maestro.Maestro.launchApp$lambda$5: Stopping com.tuitionbook.app app during launch
13:28:46.817 [ INFO] maestro.cli.runner.MaestroCommandRunner.runCommands$lambda$2: Launch app "com.tuitionbook.app" COMPLETED
13:28:46.819 [ INFO] maestro.cli.runner.MaestroCommandRunner.runCommands$lambda$0: Assert that ".*/18 paid" is visible RUNNING
13:28:46.858 [ INFO] maestro.cli.runner.MaestroCommandRunner.runCommands$lambda$11: Assert that ".*/18 paid" is visible metadata CommandMetadata(numberOfRuns=null, evaluatedCommand=MaestroCommand(assertConditionCommand=AssertConditionCommand(condition=Condition(platform=null, visible=ElementSelector(textRegex=.*/18 paid, idRegex=null, size=null, below=null, above=null, leftOf=null, rightOf=null, containsChild=null, containsDescendants=null, traits=null, index=null, enabled=null, optional=false, selected=null, checked=null, focused=null, childOf=null, css=null), notVisible=null, scriptCondition=null, label=null), timeout=60000, label=null, optional=false)), logMessages=[], insight=Insight(message=, level=NONE), aiReasoning=null, labeledCommand=null)
13:28:48.881 [ INFO] maestro.cli.runner.MaestroCommandRunner.runCommands$lambda$2: Assert that ".*/18 paid" is visible COMPLETED
13:28:48.882 [ INFO] maestro.cli.runner.MaestroCommandRunner.runCommands$lambda$0: Take screenshot 12-dark-today RUNNING
13:28:48.883 [ INFO] maestro.cli.runner.MaestroCommandRunner.runCommands$lambda$11: Take screenshot 12-dark-today metadata CommandMetadata(numberOfRuns=null, evaluatedCommand=MaestroCommand(takeScreenshotCommand=TakeScreenshotCommand(path=12-dark-today, cropOn=null, label=null, optional=false)), logMessages=[], insight=Insight(message=, level=NONE), aiReasoning=null, labeledCommand=null)
13:28:48.885 [ INFO] maestro.Maestro.takeScreenshot: Taking screenshot
13:28:48.888 [TRACE] maestro.utils.ScreenshotUtils.takeScreenshot: Taking screenshot to output sink
13:28:49.136 [ INFO] maestro.cli.runner.MaestroCommandRunner.runCommands$lambda$2: Take screenshot 12-dark-today COMPLETED
13:28:49.136 [ INFO] maestro.cli.runner.MaestroCommandRunner.runCommands$lambda$0: Tap on "Calendar" RUNNING
13:28:49.141 [ INFO] maestro.cli.runner.MaestroCommandRunner.runCommands$lambda$11: Tap on "Calendar" metadata CommandMetadata(numberOfRuns=null, evaluatedCommand=MaestroCommand(tapOnElementCommand=TapOnElementCommand(selector=ElementSelector(textRegex=Calendar, idRegex=null, size=null, below=null, above=null, leftOf=null, rightOf=null, containsChild=null, containsDescendants=null, traits=null, index=null, enabled=null, optional=false, selected=null, checked=null, focused=null, childOf=null, css=null), retryIfNoChange=false, waitUntilVisible=false, longPress=false, repeat=null, waitToSettleTimeoutMs=null, relativePoint=null, label=null, optional=false)), logMessages=[], insight=Insight(message=, level=NONE), aiReasoning=null, labeledCommand=null)
13:28:49.308 [ INFO] maestro.Maestro.tap-HgV9Ck0: Tapping on element:  UiElement(treeNode=TreeNode(attributes={text=Calendar, accessibilityText=, hintText=, ignoreBoundsFiltering=false, resource-id=, clickable=false, bounds=[261,2272][387,2315], enabled=true, focused=false, checked=false, scrollable=false, selected=false, class=android.widget.TextView, important-for-accessibility=true, error=}, children=[], clickable=false, enabled=true, focused=false, checked=false, selected=false), bounds=Bounds(x=261, y=2272, width=126, height=43))
13:28:50.608 [ INFO] maestro.Maestro.tap-HgV9Ck0: Tap aimed via settled hierarchy
13:28:50.615 [ INFO] maestro.Maestro.hierarchyBasedTap-ogj28Uc: Tapping at (324, 2293) using hierarchy based logic for wait
13:28:51.950 [ INFO] maestro.Maestro.hierarchyBasedTap-ogj28Uc: Something has changed in the UI judging by view hierarchy. Proceed.
13:28:51.951 [ INFO] maestro.cli.runner.MaestroCommandRunner.runCommands$lambda$2: Tap on "Calendar" COMPLETED
13:28:51.951 [ INFO] maestro.cli.runner.MaestroCommandRunner.runCommands$lambda$0: Assert that "Days taken" is visible RUNNING
13:28:51.952 [ INFO] maestro.cli.runner.MaestroCommandRunner.runCommands$lambda$11: Assert that "Days taken" is visible metadata CommandMetadata(numberOfRuns=null, evaluatedCommand=MaestroCommand(assertConditionCommand=AssertConditionCommand(condition=Condition(platform=null, visible=ElementSelector(textRegex=Days taken, idRegex=null, size=null, below=null, above=null, leftOf=null, rightOf=null, containsChild=null, containsDescendants=null, traits=null, index=null, enabled=null, optional=false, selected=null, checked=null, focused=null, childOf=null, css=null), notVisible=null, scriptCondition=null, label=null), timeout=20000, label=null, optional=false)), logMessages=[], insight=Insight(message=, level=NONE), aiReasoning=null, labeledCommand=null)
13:28:52.241 [ INFO] maestro.cli.runner.MaestroCommandRunner.runCommands$lambda$2: Assert that "Days taken" is visible COMPLETED
13:28:52.242 [ INFO] maestro.cli.runner.MaestroCommandRunner.runCommands$lambda$0: Take screenshot 13-dark-calendar RUNNING
13:28:52.242 [ INFO] maestro.cli.runner.MaestroCommandRunner.runCommands$lambda$11: Take screenshot 13-dark-calendar metadata CommandMetadata(numberOfRuns=null, evaluatedCommand=MaestroCommand(takeScreenshotCommand=TakeScreenshotCommand(path=13-dark-calendar, cropOn=null, label=null, optional=false)), logMessages=[], insight=Insight(message=, level=NONE), aiReasoning=null, labeledCommand=null)
13:28:52.243 [ INFO] maestro.Maestro.takeScreenshot: Taking screenshot
13:28:52.244 [TRACE] maestro.utils.ScreenshotUtils.takeScreenshot: Taking screenshot to output sink
13:28:52.403 [ INFO] maestro.cli.runner.MaestroCommandRunner.runCommands$lambda$2: Take screenshot 13-dark-calendar COMPLETED
